[ 2026-02-27 08:58:17,873 ] 38 dotenv.main - WARNING - python-dotenv could not parse statement starting at line 6
[ 2026-02-27 08:58:22,529 ] 1025 httpx - INFO - HTTP Request: GET https://dagshub.com/api/v1/user "HTTP/1.1 200 OK"
[ 2026-02-27 08:58:22,535 ] 107 dagshub - INFO - Accessing as bharti8102
[ 2026-02-27 08:58:24,032 ] 1025 httpx - INFO - HTTP Request: GET https://dagshub.com/api/v1/repos/bharti8102/mltest "HTTP/1.1 200 OK"
[ 2026-02-27 08:58:25,467 ] 1025 httpx - INFO - HTTP Request: GET https://dagshub.com/api/v1/user "HTTP/1.1 200 OK"
[ 2026-02-27 08:58:25,469 ] 107 dagshub - INFO - Initialized MLflow to track repo "bharti8102/mltest"
[ 2026-02-27 08:58:25,470 ] 107 dagshub - INFO - Repository bharti8102/mltest initialized!
[ 2026-02-27 08:58:28,440 ] 1025 httpx - INFO - HTTP Request: GET https://dagshub.com/api/v1/repos/bharti8102/mltest "HTTP/1.1 200 OK"
[ 2026-02-27 08:58:28,444 ] 107 dagshub - INFO - Initialized MLflow to track repo "bharti8102/mltest"
[ 2026-02-27 08:58:28,445 ] 107 dagshub - INFO - Repository bharti8102/mltest initialized!
[ 2026-02-27 08:58:28,756 ] 22 root - INFO - \U0001f680 Application started
[ 2026-02-27 08:58:28,756 ] 26 root - INFO - \U0001f680 Data ingestion started
[ 2026-02-27 08:58:28,761 ] 31 root - INFO - Data read successfully from database
[ 2026-02-27 08:58:28,768 ] 38 root - INFO - Raw data saved successfully
[ 2026-02-27 08:58:28,785 ] 47 root - INFO - Train and test data saved successfully
[ 2026-02-27 08:58:28,785 ] 48 root - INFO - \u2705 Data ingestion completed
[ 2026-02-27 08:58:28,791 ] 68 root - INFO - Train and Test data loaded
[ 2026-02-27 08:58:28,791 ] 48 root - INFO - Numerical Columns: ['writing_score', 'reading_score']
[ 2026-02-27 08:58:28,791 ] 49 root - INFO - Categorical Columns: ['gender', 'race_ethnicity', 'parental_level_of_education', 'lunch', 'test_preparation_course']
[ 2026-02-27 08:58:28,817 ] 86 root - INFO - Saving preprocessing object
[ 2026-02-27 08:58:28,819 ] 50 root - INFO - Splitting training and test input data
[ 2026-02-27 08:58:30,114 ] 43 root - ERROR - Error occurred in python script name [D:\mavim\mlproject\src\mlproject\components\model_trainer.py] line number [90] error message [Error occurred in python script name [D:\mavim\mlproject\src\mlproject\utils.py] line number [93] error message [A worker process managed by the executor was unexpectedly terminated. This could be caused by a segmentation fault while calling the function or by an excessive memory usage causing the Operating System to kill the worker.

Detailed tracebacks of the workers should have been printed to stderr in the executor process if faulthandler was not disabled.]]
